GDTEST_OK
10
10.3
-17
-16913
-16913
-16913
false
true
23
45
10.5
121
120
false
true
["a", "b", "c"]
["ab", "bd", "c"]
["c", "ab", "c"]
[["a", "b", "c"], ["c", "ab", "c"], ["c", "ab", "c"]]
["a", "b", "c", ["a", "b", "c"], "d", "e", "f"]
{"a":"b", "c":2}
{"a":"b", "c":2, "d":["e", "f"]}
{"a":"b", "c":2, "dl":["e", "f"], "b":"a"}
