GDTEST_OK
[0, 200, 30]
true
[(1, 0), (2, 300)]
[&"Hey!", &"Make me a sname please!"]
