GDTEST_ANALYZER_ERROR
Cannot call internal function "foo()" on the class Foo.
