GDTEST_ANALYZER_ERROR
Cannot assign a value of type Color to variable "s" with specified type String.
