GDTEST_ANALYZER_ERROR
Constructor must call "super()" to invoke the superclass constructor.
