GDTEST_ANALYZER_ERROR
Cannot call constructor on abstract class "TestConstructAbstractScriptNotest".
