GDTEST_ANALYZER_ERROR
Dictionary key used twice in the same dictionary.
