GDTEST_ANALYZER_ERROR
Cannot extend "Self" in a non-nested class.
