GDTEST_ANALYZER_ERROR
First mandatory argument of a getter must be a property name of type String or StringName.
