GDTEST_ANALYZER_ERROR
Getter return type "int" is incompatible with variable type "String".
