GDTEST_ANALYZER_ERROR
Native class "IP" cannot be constructed as it is a singleton.
