GDTEST_RUNTIME_ERROR
>> SCRIPT ERROR
>> on function: test()
>> runtime/features/assert.gd
>> 10
>> Assertion failed: message
