GDTEST_OK
0
""
""
""
""
""
""
0.0
0.0
Color(0, 0, 0, 1)
NodePath("")
0
0
0
0
0
0
0
0
null
null
null
null
null
null
null
null
null
null
null
null
null
null
null
null
null
null
null
