GDTEST_OK
Check 1 is correct.
Check 2 is correct.
Check 3 is correct.
Check 4 is correct.
Check 10 is correct.
Check 20 is correct.
Check 30 is correct.
Check 40 is correct.
