GDTEST_PARSER_ERROR
Expected identifier as a destructuring element.
