GDTEST_PARSER_ERROR
Expected assignment ("=") after destructuring.
