GDTEST_ANALYZER_ERROR
Could not preload resource script "/home/malek/godot/modules/gdscript/tests/scripts/utils.notest.gd".
