GDTEST_ANALYZER_ERROR
Could not resolve script "/home/malek/godot/modules/gdscript/tests/scripts/utils.notest.gd".
