GDTEST_OK
>> WARNING
>> Line: 17
>> STATIC_CALLED_ON_INSTANCE
>> The function "num_uint64()" is a static function but was called from an instance. Instead, it should be directly called from the type: "String.num_uint64()".
>> WARNING
>> Line: 20
>> STATIC_CALLED_ON_INSTANCE
>> The function "boxv()" is a static function but was called from an instance. Instead, it should be directly called from the type: "RefCounted.boxv()".
8589934592
8589934592
