GDTEST_OK
>> WARNING
>> Line: 7
>> UNREACHABLE_CODE
>> Unreachable code (statement after return or continue) in function 'test()'.
