GDTEST_OK
>> WARNING
>> Line: 5
>> TYPE_TEST_ALWAYS_FALSE
>> Expression is of type "int" so it can't be of type "String".
