GDTEST_OK
>> WARNING
>> Line: 13
>> TYPE_TEST_ALWAYS_FALSE
>> Expression is of type "StringName" so it can't be of type "int".
