GDTEST_OK
>> WARNING
>> Line: 4
>> PRIVATE_METHOD_ACCESS
>> The method "_private" begins with an underscore and is considered by convention to be private
