GDTEST_OK
>> WARNING
>> Line: 24
>> UNSAFE_METHOD_ACCESS
>> The method "greetings()" is not present on the inferred type "Variant" (but may be present on a subtype).
Hello Sub Class!
