GDTEST_PARSER_ERROR
Expect node path as string or identifer after "$".
Expected statement, found "Literal" instead.
